// Jest Snapshot v1, https://goo.gl/fbAQLP

exports[` 1`] = `
[
  [ConvexValidationError: Unsupported field name: field is top-level and cannot start with an underscore.],
]
`;

exports[`walkAst error cases -nan 1`] = `
[
  [ConvexValidationError: "-" must be followed by a number or bigint.],
]
`;

exports[`walkAst error cases Bytes with bad argument 1`] = `
[
  [ConvexValidationError: The Bytes constructor requires a valid base64 encoded string: Invalid string. Length must be a multiple of 4],
]
`;

exports[`walkAst error cases Bytes with no arguments 1`] = `
[
  [ConvexValidationError: The Bytes constructor requires exactly one argument.],
]
`;

exports[`walkAst error cases Bytes with too many arguments 1`] = `
[
  [ConvexValidationError: The Bytes constructor requires exactly one argument.],
]
`;

exports[`walkAst error cases CallExpression that isn't bytes 1`] = `
[
  [ConvexValidationError: Unsupported call expression: "foo".],
]
`;

exports[`walkAst error cases Id class 1`] = `
[
  [ConvexValidationError: The \`Id\` class is no longer supported. Use an ID string instead.],
]
`;

exports[`walkAst error cases array with empty value 1`] = `
[
  [ConvexValidationError: Arrays must not have empty elements],
]
`;

exports[`walkAst error cases identifier 1`] = `
[
  [ConvexValidationError: \`a\` is not a valid Convex value],
]
`;

exports[`walkAst error cases identifier in object 1`] = `
[
  [ConvexValidationError: \`b\` is not a valid Convex value],
]
`;

exports[`walkAst error cases invalid unary expression 1`] = `
[
  [ConvexValidationError: Unsupported UnaryExpression: "+"],
]
`;

exports[`walkAst error cases key starting with $ 1`] = `
[
  [ConvexValidationError: Unsupported field name: field cannot start with a '$'],
]
`;

exports[`walkAst error cases negative object 1`] = `
[
  [ConvexValidationError: "-" must be followed by a number or bigint.],
]
`;

exports[`walkAst error cases negative string 1`] = `
[
  [ConvexValidationError: "-" must be followed by a number or bigint.],
]
`;

exports[`walkAst error cases nested undefined in object even if top level is allowed 1`] = `
[
  [ConvexValidationError: \`undefined\` is not a valid Convex value],
]
`;

exports[`walkAst error cases non-identifier key 1`] = `[]`;

exports[`walkAst error cases regex 1`] = `
[
  [ConvexValidationError: Unsupported syntax: RegExp],
]
`;

exports[`walkAst error cases template literal with expression 1`] = `
[
  [ConvexValidationError: Unsupported template literal: expressions are not supported.],
]
`;

exports[`walkAst error cases top level undefined 1`] = `
[
  [ConvexValidationError: \`undefined\` is not a valid Convex value],
]
`;

exports[`walkAst error cases top level undefined in object 1`] = `
[
  [ConvexValidationError: \`undefined\` is not a valid Convex value],
]
`;

exports[`walkAst error cases top level undefined in object 2`] = `
[
  [ConvexValidationError: \`undefined\` is not a valid Convex value],
]
`;

exports[`walkAst error cases unsupported constructor 1`] = `
[
  [ConvexValidationError: Unsupported constructor: "User".],
]
`;
